../myLibraries/VL53L0X.c:33:10:millis	16	static
../myLibraries/VL53L0X.c:38:6:VL53L0X_SetAddress	16	static
../myLibraries/VL53L0X.c:44:6:writeReg	32	static
../myLibraries/VL53L0X.c:54:6:writeReg16Bit	32	static
../myLibraries/VL53L0X.c:64:6:writeReg32Bit	32	static
../myLibraries/VL53L0X.c:76:9:readReg	32	static
../myLibraries/VL53L0X.c:89:10:readReg16Bit	32	static
../myLibraries/VL53L0X.c:107:10:readReg32Bit	40	static
../myLibraries/VL53L0X.c:126:6:writeMulti	24	static
../myLibraries/VL53L0X.c:141:6:readMulti	56	dynamic
../myLibraries/VL53L0X.c:155:6:setAddress	16	static
../myLibraries/VL53L0X.c:162:6:init	32	static
../myLibraries/VL53L0X.c:383:6:setSignalRateLimit	16	static
../myLibraries/VL53L0X.c:393:7:getSignalRateLimit	8	static
../myLibraries/VL53L0X.c:407:6:setMeasurementTimingBudget	80	static
../myLibraries/VL53L0X.c:496:10:getMeasurementTimingBudget	56	static
../myLibraries/VL53L0X.c:550:6:setVcselPulsePeriod	56	static
../myLibraries/VL53L0X.c:728:9:getVcselPulsePeriod	16	static
../myLibraries/VL53L0X.c:747:6:startContinuous	24	static
../myLibraries/VL53L0X.c:785:6:stopContinuous	8	static
../myLibraries/VL53L0X.c:799:10:readRangeContinuousMillimeters	16	static
../myLibraries/VL53L0X.c:823:10:readRangeSingleMillimeters	8	static
../myLibraries/VL53L0X.c:853:6:timeoutOccurred	16	static
../myLibraries/VL53L0X.c:865:6:getSpadInfo	24	static
../myLibraries/VL53L0X.c:907:6:getSequenceStepEnables	24	static
../myLibraries/VL53L0X.c:923:6:getSequenceStepTimeouts	16	static
../myLibraries/VL53L0X.c:957:10:decodeTimeout	16	static
../myLibraries/VL53L0X.c:968:10:encodeTimeout	24	static
../myLibraries/VL53L0X.c:993:10:timeoutMclksToMicroseconds	24	static
../myLibraries/VL53L0X.c:1002:10:timeoutMicrosecondsToMclks	24	static
../myLibraries/VL53L0X.c:1011:6:performSingleRefCalibration	16	static
