../myLibraries/VL53L0X.c:31:10:millis	16	static
../myLibraries/VL53L0X.c:37:6:writeReg	32	static
../myLibraries/VL53L0X.c:47:6:writeReg16Bit	32	static
../myLibraries/VL53L0X.c:57:6:writeReg32Bit	32	static
../myLibraries/VL53L0X.c:69:9:readReg	32	static
../myLibraries/VL53L0X.c:82:10:readReg16Bit	32	static
../myLibraries/VL53L0X.c:100:10:readReg32Bit	40	static
../myLibraries/VL53L0X.c:119:6:writeMulti	24	static
../myLibraries/VL53L0X.c:134:6:readMulti	56	dynamic
../myLibraries/VL53L0X.c:148:6:setAddress	16	static
../myLibraries/VL53L0X.c:155:6:init	32	static
../myLibraries/VL53L0X.c:376:6:setSignalRateLimit	16	static
../myLibraries/VL53L0X.c:386:7:getSignalRateLimit	8	static
../myLibraries/VL53L0X.c:400:6:setMeasurementTimingBudget	80	static
../myLibraries/VL53L0X.c:489:10:getMeasurementTimingBudget	56	static
../myLibraries/VL53L0X.c:543:6:setVcselPulsePeriod	56	static
../myLibraries/VL53L0X.c:721:9:getVcselPulsePeriod	16	static
../myLibraries/VL53L0X.c:740:6:startContinuous	24	static
../myLibraries/VL53L0X.c:778:6:stopContinuous	8	static
../myLibraries/VL53L0X.c:792:10:readRangeContinuousMillimeters	16	static
../myLibraries/VL53L0X.c:816:10:readRangeSingleMillimeters	8	static
../myLibraries/VL53L0X.c:846:6:timeoutOccurred	16	static
../myLibraries/VL53L0X.c:858:6:getSpadInfo	24	static
../myLibraries/VL53L0X.c:900:6:getSequenceStepEnables	24	static
../myLibraries/VL53L0X.c:916:6:getSequenceStepTimeouts	16	static
../myLibraries/VL53L0X.c:950:10:decodeTimeout	16	static
../myLibraries/VL53L0X.c:961:10:encodeTimeout	24	static
../myLibraries/VL53L0X.c:986:10:timeoutMclksToMicroseconds	24	static
../myLibraries/VL53L0X.c:995:10:timeoutMicrosecondsToMclks	24	static
../myLibraries/VL53L0X.c:1004:6:performSingleRefCalibration	16	static
