../myLibraries/VL53L0X.c:32:6:VL53L0X_SetAddress	16	static
../myLibraries/VL53L0X.c:36:10:millis	16	static
../myLibraries/VL53L0X.c:42:6:writeReg	32	static
../myLibraries/VL53L0X.c:83:6:writeReg16Bit	32	static
../myLibraries/VL53L0X.c:93:6:writeReg32Bit	32	static
../myLibraries/VL53L0X.c:105:9:readReg	32	static
../myLibraries/VL53L0X.c:118:10:readReg16Bit	32	static
../myLibraries/VL53L0X.c:136:10:readReg32Bit	40	static
../myLibraries/VL53L0X.c:155:6:writeMulti	24	static
../myLibraries/VL53L0X.c:170:6:readMulti	56	dynamic
../myLibraries/VL53L0X.c:184:6:setAddress	16	static
../myLibraries/VL53L0X.c:190:6:init	32	static
../myLibraries/VL53L0X.c:411:6:setSignalRateLimit	16	static
../myLibraries/VL53L0X.c:421:7:getSignalRateLimit	8	static
../myLibraries/VL53L0X.c:435:6:setMeasurementTimingBudget	80	static
../myLibraries/VL53L0X.c:524:10:getMeasurementTimingBudget	56	static
../myLibraries/VL53L0X.c:578:6:setVcselPulsePeriod	56	static
../myLibraries/VL53L0X.c:756:9:getVcselPulsePeriod	16	static
../myLibraries/VL53L0X.c:775:6:startContinuous	24	static
../myLibraries/VL53L0X.c:813:6:stopContinuous	8	static
../myLibraries/VL53L0X.c:827:10:readRangeContinuousMillimeters	16	static
../myLibraries/VL53L0X.c:851:10:readRangeSingleMillimeters	8	static
../myLibraries/VL53L0X.c:881:6:timeoutOccurred	16	static
../myLibraries/VL53L0X.c:893:6:getSpadInfo	24	static
../myLibraries/VL53L0X.c:935:6:getSequenceStepEnables	24	static
../myLibraries/VL53L0X.c:951:6:getSequenceStepTimeouts	16	static
../myLibraries/VL53L0X.c:985:10:decodeTimeout	16	static
../myLibraries/VL53L0X.c:996:10:encodeTimeout	24	static
../myLibraries/VL53L0X.c:1021:10:timeoutMclksToMicroseconds	24	static
../myLibraries/VL53L0X.c:1030:10:timeoutMicrosecondsToMclks	24	static
../myLibraries/VL53L0X.c:1039:6:performSingleRefCalibration	16	static
