13:08:48 **** Incremental Build of configuration Debug for project encoder_read_using_oled ****
make -j4 all 
arm-none-eabi-gcc "../Core/Src/main.c" -mcpu=cortex-m3 -std=gnu11 -g3 -DDEBUG -DUSE_HAL_DRIVER -DSTM32F103xB -c -I../Core/Inc -I../Drivers/STM32F1xx_HAL_Driver/Inc/Legacy -I../Drivers/STM32F1xx_HAL_Driver/Inc -I../Drivers/CMSIS/Device/ST/STM32F1xx/Include -I../Drivers/CMSIS/Include -I"C:/Users/user/Desktop/stm32Board/encoder_read_using_oled/myLibrary" -O0 -ffunction-sections -fdata-sections -Wall -fstack-usage -fcyclomatic-complexity -MMD -MP -MF"Core/Src/main.d" -MT"Core/Src/main.o" --specs=nano.specs -mfloat-abi=soft -mthumb -o "Core/Src/main.o"
arm-none-eabi-gcc -o "encoder_read_using_oled.elf" @"objects.list"   -mcpu=cortex-m3 -T"C:\Users\user\Desktop\stm32Board\encoder_read_using_oled\STM32F103C8TX_FLASH.ld" --specs=nosys.specs -Wl,-Map="encoder_read_using_oled.map" -Wl,--gc-sections -static --specs=nano.specs -mfloat-abi=soft -mthumb -Wl,--start-group -lc -lm -Wl,--end-group
Finished building target: encoder_read_using_oled.elf
 
arm-none-eabi-size  encoder_read_using_oled.elf 
arm-none-eabi-objdump -h -S encoder_read_using_oled.elf  > "encoder_read_using_oled.list"
   text	   data	    bss	    dec	    hex	filename
  19560	     28	   2756	  22344	   5748	encoder_read_using_oled.elf
Finished building: default.size.stdout
 
Finished building: encoder_read_using_oled.list
 

13:08:50 Build Finished. 0 errors, 0 warnings. (took 2s.203ms)

