14:13:09 **** Incremental Build of configuration Debug for project toftest1 ****
make -j4 all 
arm-none-eabi-gcc "../Core/Src/main.c" -mcpu=cortex-m3 -std=gnu11 -g3 -DDEBUG -DUSE_HAL_DRIVER -DSTM32F103xB -c -I../Core/Inc -I../Drivers/STM32F1xx_HAL_Driver/Inc/Legacy -I../Drivers/STM32F1xx_HAL_Driver/Inc -I../Drivers/CMSIS/Device/ST/STM32F1xx/Include -I../Drivers/CMSIS/Include -I"C:/Users/user/Desktop/stm32Board/toftest1/myLibraries" -O0 -ffunction-sections -fdata-sections -Wall -fstack-usage -fcyclomatic-complexity -MMD -MP -MF"Core/Src/main.d" -MT"Core/Src/main.o" --specs=nano.specs -mfloat-abi=soft -mthumb -o "Core/Src/main.o"
arm-none-eabi-gcc -o "toftest1.elf" @"objects.list"   -mcpu=cortex-m3 -T"C:\Users\user\Desktop\stm32Board\toftest1\STM32F103C8TX_FLASH.ld" --specs=nosys.specs -Wl,-Map="toftest1.map" -Wl,--gc-sections -static --specs=nano.specs -mfloat-abi=soft -mthumb -Wl,--start-group -lc -lm -Wl,--end-group
Finished building target: toftest1.elf
 
arm-none-eabi-size  toftest1.elf 
arm-none-eabi-objdump -h -S toftest1.elf  > "toftest1.list"
   text	   data	    bss	    dec	    hex	filename
  19552	    100	   3020	  22672	   5890	toftest1.elf
Finished building: default.size.stdout
 
Finished building: toftest1.list
 

14:13:12 Build Finished. 0 errors, 0 warnings. (took 2s.309ms)

