08:43:23 **** Incremental Build of configuration Debug for project twomotorcontrol ****
make -j4 all 
arm-none-eabi-gcc "../Core/Src/main.c" -mcpu=cortex-m3 -std=gnu11 -g3 -DDEBUG -DUSE_HAL_DRIVER -DSTM32F103xB -c -I../Core/Inc -I../Drivers/STM32F1xx_HAL_Driver/Inc/Legacy -I../Drivers/STM32F1xx_HAL_Driver/Inc -I../Drivers/CMSIS/Device/ST/STM32F1xx/Include -I../Drivers/CMSIS/Include -I"C:/Users/user/Desktop/stm32Board/twomotorcontrol/myLibrary" -I"C:/Users/user/Desktop/stm32Board/twomotorcontrol/mylib" -O0 -ffunction-sections -fdata-sections -Wall -fstack-usage -fcyclomatic-complexity -MMD -MP -MF"Core/Src/main.d" -MT"Core/Src/main.o" --specs=nano.specs -mfloat-abi=soft -mthumb -o "Core/Src/main.o"
arm-none-eabi-gcc -o "twomotorcontrol.elf" @"objects.list"   -mcpu=cortex-m3 -T"C:\Users\user\Desktop\stm32Board\twomotorcontrol\STM32F103C8TX_FLASH.ld" --specs=nosys.specs -Wl,-Map="twomotorcontrol.map" -Wl,--gc-sections -static --specs=nano.specs -mfloat-abi=soft -mthumb -Wl,--start-group -lc -lm -Wl,--end-group
Finished building target: twomotorcontrol.elf
 
arm-none-eabi-size  twomotorcontrol.elf 
arm-none-eabi-objdump -h -S twomotorcontrol.elf  > "twomotorcontrol.list"
   text	   data	    bss	    dec	    hex	filename
  19444	     20	   2900	  22364	   575c	twomotorcontrol.elf
Finished building: default.size.stdout
 
Finished building: twomotorcontrol.list
 

08:43:26 Build Finished. 0 errors, 0 warnings. (took 2s.887ms)

